[INFO] Scanning for projects...
[INFO] 
[INFO] -------------------< com.SkyRoute:Service-Registry >--------------------
[INFO] Building Service-Registry 0.0.1-SNAPSHOT
[INFO]   from pom.xml
[INFO] --------------------------------[ jar ]---------------------------------
[INFO] 
[INFO] --- resources:3.3.1:resources (default-resources) @ Service-Registry ---
[INFO] Copying 1 resource from src\main\resources to target\classes
[INFO] Copying 0 resource from src\main\resources to target\classes
[INFO] 
[INFO] --- compiler:3.14.1:compile (default-compile) @ Service-Registry ---
[INFO] Nothing to compile - all classes are up to date.
[INFO] 
[INFO] --- resources:3.3.1:testResources (default-testResources) @ Service-Registry ---
[INFO] Copying 0 resource from src\test\resources to target\test-classes
[INFO] 
[INFO] --- compiler:3.14.1:testCompile (default-testCompile) @ Service-Registry ---
[INFO] Recompiling the module because of changed source code.
[INFO] Compiling 2 source files with javac [debug parameters release 25] to target\test-classes
[INFO] -------------------------------------------------------------
[ERROR] COMPILATION ERROR : 
[INFO] -------------------------------------------------------------
[ERROR] /C:/Users/pchikkag/Documents/workspace-spring-tools-for-eclipse-5.0.1.RELEASE/SkyRoute/UserService/UserService/src/test/java/com/SkyRoute/UserService/UserControllerTest.java:[10,63] package org.springframework.boot.test.autoconfigure.web.servlet does not exist
[ERROR] /C:/Users/pchikkag/Documents/workspace-spring-tools-for-eclipse-5.0.1.RELEASE/SkyRoute/UserService/UserService/src/test/java/com/SkyRoute/UserService/UserControllerTest.java:[11,50] package org.springframework.boot.test.mock.mockito does not exist
[ERROR] /C:/Users/pchikkag/Documents/workspace-spring-tools-for-eclipse-5.0.1.RELEASE/SkyRoute/UserService/UserService/src/test/java/com/SkyRoute/UserService/UserControllerTest.java:[21,2] cannot find symbol
  symbol: class WebMvcTest
[ERROR] /C:/Users/pchikkag/Documents/workspace-spring-tools-for-eclipse-5.0.1.RELEASE/SkyRoute/UserService/UserService/src/test/java/com/SkyRoute/UserService/UserControllerTest.java:[27,6] cannot find symbol
  symbol:   class MockBean
  location: class com.SkyRoute.UserService.UserControllerTest
[ERROR] /C:/Users/pchikkag/Documents/workspace-spring-tools-for-eclipse-5.0.1.RELEASE/SkyRoute/UserService/UserService/src/test/java/com/SkyRoute/UserService/UserControllerTest.java:[30,6] cannot find symbol
  symbol:   class MockBean
  location: class com.SkyRoute.UserService.UserControllerTest
[INFO] 5 errors 
[INFO] -------------------------------------------------------------
[INFO] ------------------------------------------------------------------------
[INFO] BUILD FAILURE
[INFO] ------------------------------------------------------------------------
[INFO] Total time:  7.848 s
[INFO] Finished at: 2026-03-11T14:46:26+05:30
[INFO] ------------------------------------------------------------------------
[ERROR] Failed to execute goal org.apache.maven.plugins:maven-compiler-plugin:3.14.1:testCompile (default-testCompile) on project Service-Registry: Compilation failure: Compilation failure: 
[ERROR] /C:/Users/pchikkag/Documents/workspace-spring-tools-for-eclipse-5.0.1.RELEASE/SkyRoute/UserService/UserService/src/test/java/com/SkyRoute/UserService/UserControllerTest.java:[10,63] package org.springframework.boot.test.autoconfigure.web.servlet does not exist
[ERROR] /C:/Users/pchikkag/Documents/workspace-spring-tools-for-eclipse-5.0.1.RELEASE/SkyRoute/UserService/UserService/src/test/java/com/SkyRoute/UserService/UserControllerTest.java:[11,50] package org.springframework.boot.test.mock.mockito does not exist
[ERROR] /C:/Users/pchikkag/Documents/workspace-spring-tools-for-eclipse-5.0.1.RELEASE/SkyRoute/UserService/UserService/src/test/java/com/SkyRoute/UserService/UserControllerTest.java:[21,2] cannot find symbol
[ERROR]   symbol: class WebMvcTest
[ERROR] /C:/Users/pchikkag/Documents/workspace-spring-tools-for-eclipse-5.0.1.RELEASE/SkyRoute/UserService/UserService/src/test/java/com/SkyRoute/UserService/UserControllerTest.java:[27,6] cannot find symbol
[ERROR]   symbol:   class MockBean
[ERROR]   location: class com.SkyRoute.UserService.UserControllerTest
[ERROR] /C:/Users/pchikkag/Documents/workspace-spring-tools-for-eclipse-5.0.1.RELEASE/SkyRoute/UserService/UserService/src/test/java/com/SkyRoute/UserService/UserControllerTest.java:[30,6] cannot find symbol
[ERROR]   symbol:   class MockBean
[ERROR]   location: class com.SkyRoute.UserService.UserControllerTest
[ERROR] -> [Help 1]
[ERROR] 
[ERROR] To see the full stack trace of the errors, re-run Maven with the -e switch.
[ERROR] Re-run Maven using the -X switch to enable full debug logging.
[ERROR] 
[ERROR] For more information about the errors and possible solutions, please read the following articles:
[ERROR] [Help 1] http://cwiki.apache.org/confluence/display/MAVEN/MojoFailureException
